{
  "version": "1.5.0",
  "plugins_used": [
    {"name": "ArtifactoryDetector"},
    {"name": "AWSKeyDetector"},
    {"name": "AzureStorageKeyDetector"},
    {"name": "Base64HighEntropyString", "limit": 4.5},
    {"name": "BasicAuthDetector"},
    {"name": "CloudantDetector"},
    {"name": "DiscordBotTokenDetector"},
    {"name": "GitHubTokenDetector"},
    {"name": "GitLabTokenDetector"},
    {"name": "HexHighEntropyString", "limit": 3.0},
    {"name": "IbmCloudIamDetector"},
    {"name": "IbmCosHmacDetector"},
    {"name": "IPPublicDetector"},
    {"name": "JwtTokenDetector"},
    {"name": "KeywordDetector", "keyword_exclude": ""},
    {"name": "MailchimpDetector"},
    {"name": "NpmDetector"},
    {"name": "OpenAIDetector"},
    {"name": "PrivateKeyDetector"},
    {"name": "PypiTokenDetector"},
    {"name": "SendGridDetector"},
    {"name": "SlackDetector"},
    {"name": "SoftlayerDetector"},
    {"name": "SquareOAuthDetector"},
    {"name": "StripeDetector"},
    {"name": "TelegramBotTokenDetector"},
    {"name": "TwilioKeyDetector"}
  ],
  "filters_used": [
    {
      "path": "detect_secrets.filters.common.is_baseline_file",
      "filename": ".secrets.baseline"
    },
    {"path": "detect_secrets.filters.heuristic.is_indirect_reference"},
    {"path": "detect_secrets.filters.heuristic.is_likely_id_string"},
    {"path": "detect_secrets.filters.heuristic.is_lock_file"},
    {"path": "detect_secrets.filters.heuristic.is_not_alphanumeric_string"},
    {"path": "detect_secrets.filters.heuristic.is_potential_uuid"},
    {"path": "detect_secrets.filters.heuristic.is_prefixed_with_dollar_sign"},
    {"path": "detect_secrets.filters.heuristic.is_sequential_string"},
    {"path": "detect_secrets.filters.heuristic.is_swagger_file"},
    {"path": "detect_secrets.filters.heuristic.is_templated_secret"}
  ],
  "results": {
    ".github/workflows/ci.yml": [
      {
        "type": "Hex High Entropy String",
        "hashed_secret": "93644e6b136a43cede674f818652c62f4dc6af30",
        "is_verified": false
      }
    ],
    "docs/research/report-data.sql": [
      {
        "type": "Hex High Entropy String",
        "hashed_secret": "cfecd001194624c8518252c0a5c04e3034388158",
        "is_verified": false
      }
    ],
    "docs/research/verify-deep-research.ps1": [
      {
        "type": "Hex High Entropy String",
        "hashed_secret": "cfecd001194624c8518252c0a5c04e3034388158",
        "is_verified": false
      }
    ],
    "specs/baseline.yaml": [
      {
        "type": "Hex High Entropy String",
        "hashed_secret": "7e13111fab8fa02946f64ab5bfc184cf6b715695",
        "is_verified": false
      },
      {
        "type": "Hex High Entropy String",
        "hashed_secret": "981f87d1fa98c8107f782d2e2c8f94412a8d17c6",
        "is_verified": false
      }
    ],
    "specs/evaluation/metrics.yaml": [
      {
        "type": "Secret Keyword",
        "hashed_secret": "88869d59ac32a3b4160caabdcf4441299e356c21",
        "is_verified": false
      },
      {
        "type": "Base64 High Entropy String",
        "hashed_secret": "f9dddd2e079a929d645ff09951b909441a2ef970",
        "is_verified": false
      }
    ],
    "specs/templates/implementation-task.yaml": [
      {
        "type": "Secret Keyword",
        "hashed_secret": "1d16dc2dcc6851208c1b981e2ec377250a4a0cc5",
        "is_verified": false
      }
    ],
    "specs/traceability/requirements.yaml": [
      {
        "type": "Base64 High Entropy String",
        "hashed_secret": "37e10cff6336ac6d206506adacc3ecfaee40493b",
        "is_verified": false
      }
    ],
    "scripts/ci_policy.py": [
      {
        "type": "Hex High Entropy String",
        "hashed_secret": "8c9473dc61db6e510725a43f09829bc78f250c20",
        "is_verified": false
      },
      {
        "type": "Hex High Entropy String",
        "hashed_secret": "41737b5eb320240373080d05adb0ee882e056db4",
        "is_verified": false
      },
      {
        "type": "Hex High Entropy String",
        "hashed_secret": "cea12660f2c57864b632065def83cbb6c72d0c20",
        "is_verified": false
      }
    ],
    "work/task-packets/P1.1.yaml": [
      {
        "type": "Hex High Entropy String",
        "hashed_secret": "981f87d1fa98c8107f782d2e2c8f94412a8d17c6",
        "is_verified": false
      },
      {
        "type": "Hex High Entropy String",
        "hashed_secret": "7e13111fab8fa02946f64ab5bfc184cf6b715695",
        "is_verified": false
      },
      {
        "type": "Secret Keyword",
        "hashed_secret": "1d16dc2dcc6851208c1b981e2ec377250a4a0cc5",
        "is_verified": false
      }
    ],
    "work/task-packets/P1.2.yaml": [
      {
        "type": "Hex High Entropy String",
        "hashed_secret": "981f87d1fa98c8107f782d2e2c8f94412a8d17c6",
        "is_verified": false
      },
      {
        "type": "Hex High Entropy String",
        "hashed_secret": "7e13111fab8fa02946f64ab5bfc184cf6b715695",
        "is_verified": false
      },
      {
        "type": "Hex High Entropy String",
        "hashed_secret": "fb84467d00b34d0b84c023207bfd5fcedaaca5aa",
        "is_verified": false
      },
      {
        "type": "Secret Keyword",
        "hashed_secret": "1d16dc2dcc6851208c1b981e2ec377250a4a0cc5",
        "is_verified": false
      }
    ],
    "work/task-packets/P1.3.yaml": [
      {
        "type": "Hex High Entropy String",
        "hashed_secret": "981f87d1fa98c8107f782d2e2c8f94412a8d17c6",
        "is_verified": false
      },
      {
        "type": "Hex High Entropy String",
        "hashed_secret": "7e13111fab8fa02946f64ab5bfc184cf6b715695",
        "is_verified": false
      },
      {
        "type": "Hex High Entropy String",
        "hashed_secret": "dfe80bde70e659e5e1a10481560321b8198d5fb1",
        "is_verified": false
      },
      {
        "type": "Secret Keyword",
        "hashed_secret": "1d16dc2dcc6851208c1b981e2ec377250a4a0cc5",
        "is_verified": false
      }
    ],
    "work/task-packets/P1.4.yaml": [
      {
        "type": "Hex High Entropy String",
        "hashed_secret": "981f87d1fa98c8107f782d2e2c8f94412a8d17c6",
        "is_verified": false
      },
      {
        "type": "Hex High Entropy String",
        "hashed_secret": "7e13111fab8fa02946f64ab5bfc184cf6b715695",
        "is_verified": false
      },
      {
        "type": "Hex High Entropy String",
        "hashed_secret": "45e1152b011a17e8a5b8836126c3a3cc061c42c5",
        "is_verified": false
      },
      {
        "type": "Secret Keyword",
        "hashed_secret": "1d16dc2dcc6851208c1b981e2ec377250a4a0cc5",
        "is_verified": false
      }
    ]
  },
  "generated_at": "2026-08-13T13:00:41Z"
}
