{
  "version": "1.5.0",
  "plugins_used": [
    {
      "name": "ArtifactoryDetector"
    },
    {
      "name": "AWSKeyDetector"
    },
    {
      "name": "AzureStorageKeyDetector"
    },
    {
      "name": "Base64HighEntropyString",
      "limit": 4.5
    },
    {
      "name": "BasicAuthDetector"
    },
    {
      "name": "CloudantDetector"
    },
    {
      "name": "DiscordBotTokenDetector"
    },
    {
      "name": "GitHubTokenDetector"
    },
    {
      "name": "GitLabTokenDetector"
    },
    {
      "name": "HexHighEntropyString",
      "limit": 3.0
    },
    {
      "name": "IbmCloudIamDetector"
    },
    {
      "name": "IbmCosHmacDetector"
    },
    {
      "name": "IPPublicDetector"
    },
    {
      "name": "JwtTokenDetector"
    },
    {
      "name": "KeywordDetector",
      "keyword_exclude": ""
    },
    {
      "name": "MailchimpDetector"
    },
    {
      "name": "NpmDetector"
    },
    {
      "name": "OpenAIDetector"
    },
    {
      "name": "PrivateKeyDetector"
    },
    {
      "name": "PypiTokenDetector"
    },
    {
      "name": "SendGridDetector"
    },
    {
      "name": "SlackDetector"
    },
    {
      "name": "SoftlayerDetector"
    },
    {
      "name": "SquareOAuthDetector"
    },
    {
      "name": "StripeDetector"
    },
    {
      "name": "TelegramBotTokenDetector"
    },
    {
      "name": "TwilioKeyDetector"
    }
  ],
  "filters_used": [
    {
      "path": "detect_secrets.filters.common.is_baseline_file",
      "filename": ".secrets.baseline"
    },
    {
      "path": "detect_secrets.filters.heuristic.is_indirect_reference"
    },
    {
      "path": "detect_secrets.filters.heuristic.is_likely_id_string"
    },
    {
      "path": "detect_secrets.filters.heuristic.is_lock_file"
    },
    {
      "path": "detect_secrets.filters.heuristic.is_not_alphanumeric_string"
    },
    {
      "path": "detect_secrets.filters.heuristic.is_potential_uuid"
    },
    {
      "path": "detect_secrets.filters.heuristic.is_prefixed_with_dollar_sign"
    },
    {
      "path": "detect_secrets.filters.heuristic.is_sequential_string"
    },
    {
      "path": "detect_secrets.filters.heuristic.is_swagger_file"
    },
    {
      "path": "detect_secrets.filters.heuristic.is_templated_secret"
    }
  ],
  "results": {
    ".github\\workflows\\ci.yml": [
      {
        "type": "Hex High Entropy String",
        "filename": ".github\\workflows\\ci.yml",
        "hashed_secret": "93644e6b136a43cede674f818652c62f4dc6af30",
        "is_verified": false,
        "line_number": 40
      }
    ],
    "apps\\cli\\src\\securecode_ai\\cli\\application.py": [
      {
        "type": "Hex High Entropy String",
        "filename": "apps\\cli\\src\\securecode_ai\\cli\\application.py",
        "hashed_secret": "38fb79fdc0bc00020d447ef293f87be1cc02b3e4",
        "is_verified": false,
        "line_number": 37
      }
    ],
    "docs\\research\\report-data.sql": [
      {
        "type": "Hex High Entropy String",
        "filename": "docs\\research\\report-data.sql",
        "hashed_secret": "cfecd001194624c8518252c0a5c04e3034388158",
        "is_verified": false,
        "line_number": 7
      }
    ],
    "docs\\research\\verify-deep-research.ps1": [
      {
        "type": "Hex High Entropy String",
        "filename": "docs\\research\\verify-deep-research.ps1",
        "hashed_secret": "cfecd001194624c8518252c0a5c04e3034388158",
        "is_verified": false,
        "line_number": 8
      }
    ],
    "examples\\demo-repositories\\catalog.json": [
      {
        "type": "Hex High Entropy String",
        "filename": "examples\\demo-repositories\\catalog.json",
        "hashed_secret": "eb87e9472cb8053fbde8bdc896c8f7469c6671f4",
        "is_verified": false,
        "line_number": 1
      },
      {
        "type": "Hex High Entropy String",
        "filename": "examples\\demo-repositories\\catalog.json",
        "hashed_secret": "f2cc1d2656c7f80c260563f6543883012d963510",
        "is_verified": false,
        "line_number": 1
      }
    ],
    "packages\\adapters\\src\\securecode_ai\\adapters\\model.py": [
      {
        "type": "Private Key",
        "filename": "packages\\adapters\\src\\securecode_ai\\adapters\\model.py",
        "hashed_secret": "1348b145fa1a555461c1b790a2f66614781091e9",
        "is_verified": false,
        "line_number": 216
      },
      {
        "type": "Private Key",
        "filename": "packages\\adapters\\src\\securecode_ai\\adapters\\model.py",
        "hashed_secret": "be4fc4886bd949b369d5e092eb87494f12e57e5b",
        "is_verified": false,
        "line_number": 217
      }
    ],
    "packages\\contracts\\src\\securecode_ai\\contracts\\domain.py": [
      {
        "type": "Hex High Entropy String",
        "filename": "packages\\contracts\\src\\securecode_ai\\contracts\\domain.py",
        "hashed_secret": "286116aba1d52f756a29b48ad59f69731a7b505e",
        "is_verified": false,
        "line_number": 175
      }
    ],
    "packages\\core\\src\\securecode_ai\\core\\runtime.py": [
      {
        "type": "Hex High Entropy String",
        "filename": "packages\\core\\src\\securecode_ai\\core\\runtime.py",
        "hashed_secret": "286116aba1d52f756a29b48ad59f69731a7b505e",
        "is_verified": false,
        "line_number": 52
      },
      {
        "type": "Hex High Entropy String",
        "filename": "packages\\core\\src\\securecode_ai\\core\\runtime.py",
        "hashed_secret": "14e2bea8a9f401976b9f894c21e432f0086d513c",
        "is_verified": false,
        "line_number": 58
      }
    ],
    "scripts\\ci_policy.py": [
      {
        "type": "Hex High Entropy String",
        "filename": "scripts\\ci_policy.py",
        "hashed_secret": "8c9473dc61db6e510725a43f09829bc78f250c20",
        "is_verified": false,
        "line_number": 69
      },
      {
        "type": "Hex High Entropy String",
        "filename": "scripts\\ci_policy.py",
        "hashed_secret": "41737b5eb320240373080d05adb0ee882e056db4",
        "is_verified": false,
        "line_number": 77
      },
      {
        "type": "Hex High Entropy String",
        "filename": "scripts\\ci_policy.py",
        "hashed_secret": "cea12660f2c57864b632065def83cbb6c72d0c20",
        "is_verified": false,
        "line_number": 78
      }
    ],
    "scripts\\spec_gate_policy.json": [
      {
        "type": "Hex High Entropy String",
        "filename": "scripts\\spec_gate_policy.json",
        "hashed_secret": "7e13111fab8fa02946f64ab5bfc184cf6b715695",
        "is_verified": false,
        "line_number": 3
      },
      {
        "type": "Hex High Entropy String",
        "filename": "scripts\\spec_gate_policy.json",
        "hashed_secret": "981f87d1fa98c8107f782d2e2c8f94412a8d17c6",
        "is_verified": false,
        "line_number": 4
      },
      {
        "type": "Hex High Entropy String",
        "filename": "scripts\\spec_gate_policy.json",
        "hashed_secret": "b06def42303666fd051ebe477d225b0d12235ce4",
        "is_verified": false,
        "line_number": 6
      },
      {
        "type": "Hex High Entropy String",
        "filename": "scripts\\spec_gate_policy.json",
        "hashed_secret": "4036be3cdde7f505d7689f2af300f68e3c0ad744",
        "is_verified": false,
        "line_number": 8
      },
      {
        "type": "Hex High Entropy String",
        "filename": "scripts\\spec_gate_policy.json",
        "hashed_secret": "7627892f608d4c75a50288930daf47431d5ef866",
        "is_verified": false,
        "line_number": 136
      },
      {
        "type": "Hex High Entropy String",
        "filename": "scripts\\spec_gate_policy.json",
        "hashed_secret": "e4fda66ce596456f88ee513c7c0b834990706870",
        "is_verified": false,
        "line_number": 137
      },
      {
        "type": "Hex High Entropy String",
        "filename": "scripts\\spec_gate_policy.json",
        "hashed_secret": "4f1e7c01f13316666174992a6c5df0085c19f4c4",
        "is_verified": false,
        "line_number": 138
      },
      {
        "type": "Hex High Entropy String",
        "filename": "scripts\\spec_gate_policy.json",
        "hashed_secret": "b71da1313f288a600a6f6f7f5498ba107c403420",
        "is_verified": false,
        "line_number": 139
      },
      {
        "type": "Hex High Entropy String",
        "filename": "scripts\\spec_gate_policy.json",
        "hashed_secret": "0ca276d14bed33e3e5db7240cb372ecc07fec25d",
        "is_verified": false,
        "line_number": 140
      },
      {
        "type": "Hex High Entropy String",
        "filename": "scripts\\spec_gate_policy.json",
        "hashed_secret": "f3aa6403b1dce75326651d7df1304e593bc6bdc3",
        "is_verified": false,
        "line_number": 141
      },
      {
        "type": "Hex High Entropy String",
        "filename": "scripts\\spec_gate_policy.json",
        "hashed_secret": "49746e887492b576dbff79ed7094b9620078e2ba",
        "is_verified": false,
        "line_number": 142
      },
      {
        "type": "Hex High Entropy String",
        "filename": "scripts\\spec_gate_policy.json",
        "hashed_secret": "4f0656a3a76e4e98b5ce208bf931b43a1e9c0c09",
        "is_verified": false,
        "line_number": 143
      },
      {
        "type": "Hex High Entropy String",
        "filename": "scripts\\spec_gate_policy.json",
        "hashed_secret": "ae66668e18bce59ae396f8978a61984a9f6387c7",
        "is_verified": false,
        "line_number": 144
      },
      {
        "type": "Hex High Entropy String",
        "filename": "scripts\\spec_gate_policy.json",
        "hashed_secret": "09f2abaed421bc5b6822d8c0d6b9a179610ec737",
        "is_verified": false,
        "line_number": 145
      },
      {
        "type": "Hex High Entropy String",
        "filename": "scripts\\spec_gate_policy.json",
        "hashed_secret": "3581ce533c562e0ae8207c3c1606e079924ed9fc",
        "is_verified": false,
        "line_number": 146
      },
      {
        "type": "Hex High Entropy String",
        "filename": "scripts\\spec_gate_policy.json",
        "hashed_secret": "a14ac3c1c4cf7b195a3ec8c6e4c7d65afde006f5",
        "is_verified": false,
        "line_number": 147
      },
      {
        "type": "Hex High Entropy String",
        "filename": "scripts\\spec_gate_policy.json",
        "hashed_secret": "b8892e966d86e7bdc3cf626fb0eaf7303c7950bf",
        "is_verified": false,
        "line_number": 148
      },
      {
        "type": "Hex High Entropy String",
        "filename": "scripts\\spec_gate_policy.json",
        "hashed_secret": "34514c15c0398f961b3a83dc75047af8754f69d2",
        "is_verified": false,
        "line_number": 149
      },
      {
        "type": "Hex High Entropy String",
        "filename": "scripts\\spec_gate_policy.json",
        "hashed_secret": "82194a7befc535521fb18bb55ac8485a62b05b4c",
        "is_verified": false,
        "line_number": 150
      }
    ],
    "specs\\baseline.yaml": [
      {
        "type": "Hex High Entropy String",
        "filename": "specs\\baseline.yaml",
        "hashed_secret": "7e13111fab8fa02946f64ab5bfc184cf6b715695",
        "is_verified": false,
        "line_number": 52
      },
      {
        "type": "Hex High Entropy String",
        "filename": "specs\\baseline.yaml",
        "hashed_secret": "981f87d1fa98c8107f782d2e2c8f94412a8d17c6",
        "is_verified": false,
        "line_number": 53
      }
    ],
    "specs\\evaluation\\metrics.yaml": [
      {
        "type": "Secret Keyword",
        "filename": "specs\\evaluation\\metrics.yaml",
        "hashed_secret": "88869d59ac32a3b4160caabdcf4441299e356c21",
        "is_verified": false,
        "line_number": 49
      },
      {
        "type": "Base64 High Entropy String",
        "filename": "specs\\evaluation\\metrics.yaml",
        "hashed_secret": "f9dddd2e079a929d645ff09951b909441a2ef970",
        "is_verified": false,
        "line_number": 72
      }
    ],
    "specs\\templates\\implementation-task.yaml": [
      {
        "type": "Secret Keyword",
        "filename": "specs\\templates\\implementation-task.yaml",
        "hashed_secret": "1d16dc2dcc6851208c1b981e2ec377250a4a0cc5",
        "is_verified": false,
        "line_number": 36
      }
    ],
    "specs\\traceability\\requirements.yaml": [
      {
        "type": "Base64 High Entropy String",
        "filename": "specs\\traceability\\requirements.yaml",
        "hashed_secret": "37e10cff6336ac6d206506adacc3ecfaee40493b",
        "is_verified": false,
        "line_number": 97
      }
    ],
    "tests\\fixture_repository.py": [
      {
        "type": "Hex High Entropy String",
        "filename": "tests\\fixture_repository.py",
        "hashed_secret": "0a6c7f8f5b6c14527cee8fce6fb69c854a9f0e17",
        "is_verified": false,
        "line_number": 32
      }
    ],
    "tests\\fixtures\\demo-repositories.golden.json": [
      {
        "type": "Hex High Entropy String",
        "filename": "tests\\fixtures\\demo-repositories.golden.json",
        "hashed_secret": "950de0cef9bff467785b41ae499df67845f9bc7a",
        "is_verified": false,
        "line_number": 1
      }
    ],
    "tests\\unit\\test_cli_application.py": [
      {
        "type": "Secret Keyword",
        "filename": "tests\\unit\\test_cli_application.py",
        "hashed_secret": "23a8d43cd5e6ec03e70f94ee46bed1fdbff7084a",
        "is_verified": false,
        "line_number": 268
      }
    ],
    "tests\\unit\\test_config_contracts.py": [
      {
        "type": "Secret Keyword",
        "filename": "tests\\unit\\test_config_contracts.py",
        "hashed_secret": "23a8d43cd5e6ec03e70f94ee46bed1fdbff7084a",
        "is_verified": false,
        "line_number": 56
      },
      {
        "type": "Basic Auth Credentials",
        "filename": "tests\\unit\\test_config_contracts.py",
        "hashed_secret": "9d4e1e23bd5b727046a9e3b4b7db57bd8d6ee684",
        "is_verified": false,
        "line_number": 104
      }
    ],
    "tests\\unit\\test_config_loading.py": [
      {
        "type": "Secret Keyword",
        "filename": "tests\\unit\\test_config_loading.py",
        "hashed_secret": "8152d293e8318a00bbf1afffcb8ab84195103f2e",
        "is_verified": false,
        "line_number": 248
      },
      {
        "type": "Secret Keyword",
        "filename": "tests\\unit\\test_config_loading.py",
        "hashed_secret": "0c83290f94db2a7d6c78222e5a6ef97d1b099655",
        "is_verified": false,
        "line_number": 249
      }
    ],
    "tests\\unit\\test_domain_contracts.py": [
      {
        "type": "Hex High Entropy String",
        "filename": "tests\\unit\\test_domain_contracts.py",
        "hashed_secret": "286116aba1d52f756a29b48ad59f69731a7b505e",
        "is_verified": false,
        "line_number": 81
      },
      {
        "type": "Hex High Entropy String",
        "filename": "tests\\unit\\test_domain_contracts.py",
        "hashed_secret": "cee95c46beb688979cc4470c5904c553ba5991d2",
        "is_verified": false,
        "line_number": 557
      }
    ],
    "tests\\unit\\test_event_contracts.py": [
      {
        "type": "Hex High Entropy String",
        "filename": "tests\\unit\\test_event_contracts.py",
        "hashed_secret": "41cce6dd44907787108b547772a832fd854b4cff",
        "is_verified": false,
        "line_number": 203
      }
    ],
    "tests\\unit\\test_event_stream.py": [
      {
        "type": "Hex High Entropy String",
        "filename": "tests\\unit\\test_event_stream.py",
        "hashed_secret": "286116aba1d52f756a29b48ad59f69731a7b505e",
        "is_verified": false,
        "line_number": 71
      },
      {
        "type": "Hex High Entropy String",
        "filename": "tests\\unit\\test_event_stream.py",
        "hashed_secret": "2a6db3db228f3220662b80bc76cb7988b54efbf1",
        "is_verified": false,
        "line_number": 819
      }
    ],
    "tests\\unit\\test_provider_normalization.py": [
      {
        "type": "Base64 High Entropy String",
        "filename": "tests\\unit\\test_provider_normalization.py",
        "hashed_secret": "078553dc10635837abb80f404302c70cba91b879",
        "is_verified": false,
        "line_number": 493
      },
      {
        "type": "GitHub Token",
        "filename": "tests\\unit\\test_provider_normalization.py",
        "hashed_secret": "e175c6f5f2a92e8623bd9a4820edb4e8c1b0fd10",
        "is_verified": false,
        "line_number": 493
      },
      {
        "type": "Secret Keyword",
        "filename": "tests\\unit\\test_provider_normalization.py",
        "hashed_secret": "078553dc10635837abb80f404302c70cba91b879",
        "is_verified": false,
        "line_number": 533
      }
    ],
    "tests\\unit\\test_spec_gate.py": [
      {
        "type": "Hex High Entropy String",
        "filename": "tests\\unit\\test_spec_gate.py",
        "hashed_secret": "b06def42303666fd051ebe477d225b0d12235ce4",
        "is_verified": false,
        "line_number": 425
      },
      {
        "type": "Hex High Entropy String",
        "filename": "tests\\unit\\test_spec_gate.py",
        "hashed_secret": "981f87d1fa98c8107f782d2e2c8f94412a8d17c6",
        "is_verified": false,
        "line_number": 868
      },
      {
        "type": "Hex High Entropy String",
        "filename": "tests\\unit\\test_spec_gate.py",
        "hashed_secret": "7e13111fab8fa02946f64ab5bfc184cf6b715695",
        "is_verified": false,
        "line_number": 870
      }
    ],
    "tests\\unit\\test_telemetry_contracts.py": [
      {
        "type": "Hex High Entropy String",
        "filename": "tests\\unit\\test_telemetry_contracts.py",
        "hashed_secret": "d709afb16b8bf2024d2325561a01f978736c35c2",
        "is_verified": false,
        "line_number": 85
      }
    ],
    "tests\\unit\\test_workflow_runtime.py": [
      {
        "type": "Secret Keyword",
        "filename": "tests\\unit\\test_workflow_runtime.py",
        "hashed_secret": "b7029f5c78bc78ce816fa2f50ac75666b4b4f38f",
        "is_verified": false,
        "line_number": 1533
      },
      {
        "type": "Secret Keyword",
        "filename": "tests\\unit\\test_workflow_runtime.py",
        "hashed_secret": "2e06d5a5f81268292237c87fd75f6b2749e87767",
        "is_verified": false,
        "line_number": 1834
      }
    ],
    "work\\task-packets\\P1.1.yaml": [
      {
        "type": "Hex High Entropy String",
        "filename": "work\\task-packets\\P1.1.yaml",
        "hashed_secret": "981f87d1fa98c8107f782d2e2c8f94412a8d17c6",
        "is_verified": false,
        "line_number": 8
      },
      {
        "type": "Hex High Entropy String",
        "filename": "work\\task-packets\\P1.1.yaml",
        "hashed_secret": "7e13111fab8fa02946f64ab5bfc184cf6b715695",
        "is_verified": false,
        "line_number": 9
      },
      {
        "type": "Secret Keyword",
        "filename": "work\\task-packets\\P1.1.yaml",
        "hashed_secret": "1d16dc2dcc6851208c1b981e2ec377250a4a0cc5",
        "is_verified": false,
        "line_number": 74
      }
    ],
    "work\\task-packets\\P1.10.yaml": [
      {
        "type": "Hex High Entropy String",
        "filename": "work\\task-packets\\P1.10.yaml",
        "hashed_secret": "981f87d1fa98c8107f782d2e2c8f94412a8d17c6",
        "is_verified": false,
        "line_number": 8
      },
      {
        "type": "Hex High Entropy String",
        "filename": "work\\task-packets\\P1.10.yaml",
        "hashed_secret": "7e13111fab8fa02946f64ab5bfc184cf6b715695",
        "is_verified": false,
        "line_number": 9
      },
      {
        "type": "Hex High Entropy String",
        "filename": "work\\task-packets\\P1.10.yaml",
        "hashed_secret": "4312051f3dc9bfc73aaf7690e41ea8b0e3e6528a",
        "is_verified": false,
        "line_number": 10
      },
      {
        "type": "Secret Keyword",
        "filename": "work\\task-packets\\P1.10.yaml",
        "hashed_secret": "1d16dc2dcc6851208c1b981e2ec377250a4a0cc5",
        "is_verified": false,
        "line_number": 121
      }
    ],
    "work\\task-packets\\P1.11-evaluator-seed.yaml": [
      {
        "type": "Hex High Entropy String",
        "filename": "work\\task-packets\\P1.11-evaluator-seed.yaml",
        "hashed_secret": "b96d66159a04c7cabb41f97645eae8e37264fc02",
        "is_verified": false,
        "line_number": 8
      },
      {
        "type": "Hex High Entropy String",
        "filename": "work\\task-packets\\P1.11-evaluator-seed.yaml",
        "hashed_secret": "981f87d1fa98c8107f782d2e2c8f94412a8d17c6",
        "is_verified": false,
        "line_number": 9
      },
      {
        "type": "Hex High Entropy String",
        "filename": "work\\task-packets\\P1.11-evaluator-seed.yaml",
        "hashed_secret": "0a6c7f8f5b6c14527cee8fce6fb69c854a9f0e17",
        "is_verified": false,
        "line_number": 28
      },
      {
        "type": "Hex High Entropy String",
        "filename": "work\\task-packets\\P1.11-evaluator-seed.yaml",
        "hashed_secret": "eb87e9472cb8053fbde8bdc896c8f7469c6671f4",
        "is_verified": false,
        "line_number": 33
      },
      {
        "type": "Hex High Entropy String",
        "filename": "work\\task-packets\\P1.11-evaluator-seed.yaml",
        "hashed_secret": "bd8b51511aba02e3da634920611bc1612748657e",
        "is_verified": false,
        "line_number": 36
      },
      {
        "type": "Hex High Entropy String",
        "filename": "work\\task-packets\\P1.11-evaluator-seed.yaml",
        "hashed_secret": "f7b075c22a494bdc44229266a029d769d4680264",
        "is_verified": false,
        "line_number": 39
      },
      {
        "type": "Hex High Entropy String",
        "filename": "work\\task-packets\\P1.11-evaluator-seed.yaml",
        "hashed_secret": "0693879872de826a9537791f71ee4bd705078ce4",
        "is_verified": false,
        "line_number": 42
      },
      {
        "type": "Hex High Entropy String",
        "filename": "work\\task-packets\\P1.11-evaluator-seed.yaml",
        "hashed_secret": "a86a743ebd3951dbc653907dae248a63e17853d3",
        "is_verified": false,
        "line_number": 45
      },
      {
        "type": "Hex High Entropy String",
        "filename": "work\\task-packets\\P1.11-evaluator-seed.yaml",
        "hashed_secret": "9682b70a1dda0bc3e99889c873b268e887384bfc",
        "is_verified": false,
        "line_number": 48
      },
      {
        "type": "Hex High Entropy String",
        "filename": "work\\task-packets\\P1.11-evaluator-seed.yaml",
        "hashed_secret": "f2cc1d2656c7f80c260563f6543883012d963510",
        "is_verified": false,
        "line_number": 49
      },
      {
        "type": "Hex High Entropy String",
        "filename": "work\\task-packets\\P1.11-evaluator-seed.yaml",
        "hashed_secret": "950de0cef9bff467785b41ae499df67845f9bc7a",
        "is_verified": false,
        "line_number": 54
      },
      {
        "type": "Hex High Entropy String",
        "filename": "work\\task-packets\\P1.11-evaluator-seed.yaml",
        "hashed_secret": "eeeb5eec2376a8d6866600cfdb5de7be2d161961",
        "is_verified": false,
        "line_number": 55
      },
      {
        "type": "Hex High Entropy String",
        "filename": "work\\task-packets\\P1.11-evaluator-seed.yaml",
        "hashed_secret": "93eb5e20b394ec58cfabcbd7add824c058456d7f",
        "is_verified": false,
        "line_number": 56
      },
      {
        "type": "Hex High Entropy String",
        "filename": "work\\task-packets\\P1.11-evaluator-seed.yaml",
        "hashed_secret": "6059b2570061ea3d319be7be37bc8d7542347571",
        "is_verified": false,
        "line_number": 57
      },
      {
        "type": "Hex High Entropy String",
        "filename": "work\\task-packets\\P1.11-evaluator-seed.yaml",
        "hashed_secret": "750ea1259ffe205ff042594ba2283d0c63e5a069",
        "is_verified": false,
        "line_number": 58
      },
      {
        "type": "Hex High Entropy String",
        "filename": "work\\task-packets\\P1.11-evaluator-seed.yaml",
        "hashed_secret": "57ff3e9f5ca095af23da32f9e9a4ae7b35b9aab3",
        "is_verified": false,
        "line_number": 59
      }
    ],
    "work\\task-packets\\P1.11.yaml": [
      {
        "type": "Hex High Entropy String",
        "filename": "work\\task-packets\\P1.11.yaml",
        "hashed_secret": "981f87d1fa98c8107f782d2e2c8f94412a8d17c6",
        "is_verified": false,
        "line_number": 8
      },
      {
        "type": "Hex High Entropy String",
        "filename": "work\\task-packets\\P1.11.yaml",
        "hashed_secret": "7e13111fab8fa02946f64ab5bfc184cf6b715695",
        "is_verified": false,
        "line_number": 9
      },
      {
        "type": "Hex High Entropy String",
        "filename": "work\\task-packets\\P1.11.yaml",
        "hashed_secret": "f2d65280930e8b40c7a97b9ac17390fcaa8873f9",
        "is_verified": false,
        "line_number": 10
      },
      {
        "type": "Secret Keyword",
        "filename": "work\\task-packets\\P1.11.yaml",
        "hashed_secret": "1d16dc2dcc6851208c1b981e2ec377250a4a0cc5",
        "is_verified": false,
        "line_number": 112
      },
      {
        "type": "Hex High Entropy String",
        "filename": "work\\task-packets\\P1.11.yaml",
        "hashed_secret": "0a6c7f8f5b6c14527cee8fce6fb69c854a9f0e17",
        "is_verified": false,
        "line_number": 128
      },
      {
        "type": "Hex High Entropy String",
        "filename": "work\\task-packets\\P1.11.yaml",
        "hashed_secret": "b76993a2aaa929418dfde09ba8b5a776902486e8",
        "is_verified": false,
        "line_number": 130
      },
      {
        "type": "Hex High Entropy String",
        "filename": "work\\task-packets\\P1.11.yaml",
        "hashed_secret": "0f61216930cc1291b64dc61708aa2ed1cf3c0680",
        "is_verified": false,
        "line_number": 132
      },
      {
        "type": "Hex High Entropy String",
        "filename": "work\\task-packets\\P1.11.yaml",
        "hashed_secret": "10df7ebf411cc6886359fd197fa1b09cede332a0",
        "is_verified": false,
        "line_number": 134
      }
    ],
    "work\\task-packets\\P1.12.yaml": [
      {
        "type": "Hex High Entropy String",
        "filename": "work\\task-packets\\P1.12.yaml",
        "hashed_secret": "981f87d1fa98c8107f782d2e2c8f94412a8d17c6",
        "is_verified": false,
        "line_number": 8
      },
      {
        "type": "Hex High Entropy String",
        "filename": "work\\task-packets\\P1.12.yaml",
        "hashed_secret": "7e13111fab8fa02946f64ab5bfc184cf6b715695",
        "is_verified": false,
        "line_number": 9
      },
      {
        "type": "Hex High Entropy String",
        "filename": "work\\task-packets\\P1.12.yaml",
        "hashed_secret": "0ac5219f76eb3693889d1fe32b35effec299e447",
        "is_verified": false,
        "line_number": 10
      },
      {
        "type": "Secret Keyword",
        "filename": "work\\task-packets\\P1.12.yaml",
        "hashed_secret": "eb5338ae1cc322c06587d8049c10ea3c9bdb4a75",
        "is_verified": false,
        "line_number": 87
      }
    ],
    "work\\task-packets\\P1.13.yaml": [
      {
        "type": "Hex High Entropy String",
        "filename": "work\\task-packets\\P1.13.yaml",
        "hashed_secret": "981f87d1fa98c8107f782d2e2c8f94412a8d17c6",
        "is_verified": false,
        "line_number": 8
      },
      {
        "type": "Hex High Entropy String",
        "filename": "work\\task-packets\\P1.13.yaml",
        "hashed_secret": "7e13111fab8fa02946f64ab5bfc184cf6b715695",
        "is_verified": false,
        "line_number": 9
      },
      {
        "type": "Hex High Entropy String",
        "filename": "work\\task-packets\\P1.13.yaml",
        "hashed_secret": "b06def42303666fd051ebe477d225b0d12235ce4",
        "is_verified": false,
        "line_number": 10
      },
      {
        "type": "Secret Keyword",
        "filename": "work\\task-packets\\P1.13.yaml",
        "hashed_secret": "1d16dc2dcc6851208c1b981e2ec377250a4a0cc5",
        "is_verified": false,
        "line_number": 104
      },
      {
        "type": "Secret Keyword",
        "filename": "work\\task-packets\\P1.13.yaml",
        "hashed_secret": "007ceab538d0c7cc2f535601a291f2a62887e5cb",
        "is_verified": false,
        "line_number": 106
      },
      {
        "type": "Hex High Entropy String",
        "filename": "work\\task-packets\\P1.13.yaml",
        "hashed_secret": "05420bb158fa102c7cab57a814e44a80863520db",
        "is_verified": false,
        "line_number": 129
      },
      {
        "type": "Hex High Entropy String",
        "filename": "work\\task-packets\\P1.13.yaml",
        "hashed_secret": "592c9e02ebdb9ed0e4495e3079ebdbccaf5e28db",
        "is_verified": false,
        "line_number": 130
      }
    ],
    "work\\task-packets\\P1.2.yaml": [
      {
        "type": "Hex High Entropy String",
        "filename": "work\\task-packets\\P1.2.yaml",
        "hashed_secret": "981f87d1fa98c8107f782d2e2c8f94412a8d17c6",
        "is_verified": false,
        "line_number": 8
      },
      {
        "type": "Hex High Entropy String",
        "filename": "work\\task-packets\\P1.2.yaml",
        "hashed_secret": "7e13111fab8fa02946f64ab5bfc184cf6b715695",
        "is_verified": false,
        "line_number": 9
      },
      {
        "type": "Hex High Entropy String",
        "filename": "work\\task-packets\\P1.2.yaml",
        "hashed_secret": "fb84467d00b34d0b84c023207bfd5fcedaaca5aa",
        "is_verified": false,
        "line_number": 10
      },
      {
        "type": "Secret Keyword",
        "filename": "work\\task-packets\\P1.2.yaml",
        "hashed_secret": "1d16dc2dcc6851208c1b981e2ec377250a4a0cc5",
        "is_verified": false,
        "line_number": 88
      }
    ],
    "work\\task-packets\\P1.3.yaml": [
      {
        "type": "Hex High Entropy String",
        "filename": "work\\task-packets\\P1.3.yaml",
        "hashed_secret": "981f87d1fa98c8107f782d2e2c8f94412a8d17c6",
        "is_verified": false,
        "line_number": 8
      },
      {
        "type": "Hex High Entropy String",
        "filename": "work\\task-packets\\P1.3.yaml",
        "hashed_secret": "7e13111fab8fa02946f64ab5bfc184cf6b715695",
        "is_verified": false,
        "line_number": 9
      },
      {
        "type": "Hex High Entropy String",
        "filename": "work\\task-packets\\P1.3.yaml",
        "hashed_secret": "dfe80bde70e659e5e1a10481560321b8198d5fb1",
        "is_verified": false,
        "line_number": 10
      },
      {
        "type": "Secret Keyword",
        "filename": "work\\task-packets\\P1.3.yaml",
        "hashed_secret": "1d16dc2dcc6851208c1b981e2ec377250a4a0cc5",
        "is_verified": false,
        "line_number": 79
      }
    ],
    "work\\task-packets\\P1.4.yaml": [
      {
        "type": "Hex High Entropy String",
        "filename": "work\\task-packets\\P1.4.yaml",
        "hashed_secret": "981f87d1fa98c8107f782d2e2c8f94412a8d17c6",
        "is_verified": false,
        "line_number": 8
      },
      {
        "type": "Hex High Entropy String",
        "filename": "work\\task-packets\\P1.4.yaml",
        "hashed_secret": "7e13111fab8fa02946f64ab5bfc184cf6b715695",
        "is_verified": false,
        "line_number": 9
      },
      {
        "type": "Hex High Entropy String",
        "filename": "work\\task-packets\\P1.4.yaml",
        "hashed_secret": "45e1152b011a17e8a5b8836126c3a3cc061c42c5",
        "is_verified": false,
        "line_number": 10
      },
      {
        "type": "Secret Keyword",
        "filename": "work\\task-packets\\P1.4.yaml",
        "hashed_secret": "1d16dc2dcc6851208c1b981e2ec377250a4a0cc5",
        "is_verified": false,
        "line_number": 96
      }
    ],
    "work\\task-packets\\P1.5.yaml": [
      {
        "type": "Hex High Entropy String",
        "filename": "work\\task-packets\\P1.5.yaml",
        "hashed_secret": "981f87d1fa98c8107f782d2e2c8f94412a8d17c6",
        "is_verified": false,
        "line_number": 8
      },
      {
        "type": "Hex High Entropy String",
        "filename": "work\\task-packets\\P1.5.yaml",
        "hashed_secret": "7e13111fab8fa02946f64ab5bfc184cf6b715695",
        "is_verified": false,
        "line_number": 9
      },
      {
        "type": "Hex High Entropy String",
        "filename": "work\\task-packets\\P1.5.yaml",
        "hashed_secret": "7b1616695f81d69582ee72968d42294498344386",
        "is_verified": false,
        "line_number": 10
      },
      {
        "type": "Secret Keyword",
        "filename": "work\\task-packets\\P1.5.yaml",
        "hashed_secret": "1d16dc2dcc6851208c1b981e2ec377250a4a0cc5",
        "is_verified": false,
        "line_number": 76
      }
    ],
    "work\\task-packets\\P1.6.yaml": [
      {
        "type": "Hex High Entropy String",
        "filename": "work\\task-packets\\P1.6.yaml",
        "hashed_secret": "981f87d1fa98c8107f782d2e2c8f94412a8d17c6",
        "is_verified": false,
        "line_number": 8
      },
      {
        "type": "Hex High Entropy String",
        "filename": "work\\task-packets\\P1.6.yaml",
        "hashed_secret": "7e13111fab8fa02946f64ab5bfc184cf6b715695",
        "is_verified": false,
        "line_number": 9
      },
      {
        "type": "Hex High Entropy String",
        "filename": "work\\task-packets\\P1.6.yaml",
        "hashed_secret": "fe78af42547f83198203288d520b4522e79692ab",
        "is_verified": false,
        "line_number": 10
      },
      {
        "type": "Secret Keyword",
        "filename": "work\\task-packets\\P1.6.yaml",
        "hashed_secret": "1d16dc2dcc6851208c1b981e2ec377250a4a0cc5",
        "is_verified": false,
        "line_number": 76
      }
    ],
    "work\\task-packets\\P1.7.yaml": [
      {
        "type": "Hex High Entropy String",
        "filename": "work\\task-packets\\P1.7.yaml",
        "hashed_secret": "981f87d1fa98c8107f782d2e2c8f94412a8d17c6",
        "is_verified": false,
        "line_number": 8
      },
      {
        "type": "Hex High Entropy String",
        "filename": "work\\task-packets\\P1.7.yaml",
        "hashed_secret": "7e13111fab8fa02946f64ab5bfc184cf6b715695",
        "is_verified": false,
        "line_number": 9
      },
      {
        "type": "Hex High Entropy String",
        "filename": "work\\task-packets\\P1.7.yaml",
        "hashed_secret": "43dee9c93d73e098692922271bd05f945266b154",
        "is_verified": false,
        "line_number": 10
      },
      {
        "type": "Secret Keyword",
        "filename": "work\\task-packets\\P1.7.yaml",
        "hashed_secret": "1d16dc2dcc6851208c1b981e2ec377250a4a0cc5",
        "is_verified": false,
        "line_number": 84
      }
    ],
    "work\\task-packets\\P1.8.yaml": [
      {
        "type": "Hex High Entropy String",
        "filename": "work\\task-packets\\P1.8.yaml",
        "hashed_secret": "981f87d1fa98c8107f782d2e2c8f94412a8d17c6",
        "is_verified": false,
        "line_number": 8
      },
      {
        "type": "Hex High Entropy String",
        "filename": "work\\task-packets\\P1.8.yaml",
        "hashed_secret": "7e13111fab8fa02946f64ab5bfc184cf6b715695",
        "is_verified": false,
        "line_number": 9
      },
      {
        "type": "Hex High Entropy String",
        "filename": "work\\task-packets\\P1.8.yaml",
        "hashed_secret": "7cd5b45f24360b5289f0f5c5dd816210fe4343fa",
        "is_verified": false,
        "line_number": 10
      },
      {
        "type": "Secret Keyword",
        "filename": "work\\task-packets\\P1.8.yaml",
        "hashed_secret": "1d16dc2dcc6851208c1b981e2ec377250a4a0cc5",
        "is_verified": false,
        "line_number": 111
      }
    ],
    "work\\task-packets\\P1.9.yaml": [
      {
        "type": "Hex High Entropy String",
        "filename": "work\\task-packets\\P1.9.yaml",
        "hashed_secret": "981f87d1fa98c8107f782d2e2c8f94412a8d17c6",
        "is_verified": false,
        "line_number": 8
      },
      {
        "type": "Hex High Entropy String",
        "filename": "work\\task-packets\\P1.9.yaml",
        "hashed_secret": "7e13111fab8fa02946f64ab5bfc184cf6b715695",
        "is_verified": false,
        "line_number": 9
      },
      {
        "type": "Hex High Entropy String",
        "filename": "work\\task-packets\\P1.9.yaml",
        "hashed_secret": "6bcb986d31e659fff2e9a7c4d0f175fd096fc84f",
        "is_verified": false,
        "line_number": 10
      },
      {
        "type": "Secret Keyword",
        "filename": "work\\task-packets\\P1.9.yaml",
        "hashed_secret": "1d16dc2dcc6851208c1b981e2ec377250a4a0cc5",
        "is_verified": false,
        "line_number": 113
      }
    ]
  },
  "generated_at": "2026-08-18T17:31:05Z"
}
